15:29:10 **** Build of configuration Debug for project 4part1 ****
make all 
Building file: ../Sources/main.c
Invoking: Cross ARM C Compiler
arm-none-eabi-gcc -mcpu=cortex-m4 -mthumb -mfloat-abi=hard -mfpu=fpv4-sp-d16 -O0 -fmessage-length=0 -fsigned-char -ffunction-sections -fdata-sections -Wall  -g3 -D"CPU_MK64FN1M0VMD12" -I"../Sources" -I"C:\Freescale\KSDK_1.3.0/platform/hal/inc" -I"../Project_Settings/Startup_Code" -I"../SDK/platform/CMSIS/Include" -I"../SDK/platform/devices" -I"../SDK/platform/devices/MK64F12/include" -std=c99 -MMD -MP -MF"Sources/main.d" -MT"Sources/main.o" -c -o "Sources/main.o" "../Sources/main.c"
../Sources/main.c: In function 'main':
../Sources/main.c:26:3: warning: passing argument 1 of 'SIM_HAL_EnableClock' makes pointer from integer without a cast [enabled by default]
   SIM_HAL_EnableClock(SIM_BASE, kSimClockGatePortE); // Enable Port E Clock Gate
   ^
In file included from C:\Freescale\KSDK_1.3.0/platform/hal/inc/fsl_sim_hal.h:135:0,
                 from ../Sources/main.c:3:
c:\freescale\ksdk_1.3.0\platform\hal\src\sim\mk64f12\fsl_sim_hal_mk64f12.h:478:20: note: expected 'struct SIM_Type *' but argument is of type 'unsigned int'
 static inline void SIM_HAL_EnableClock(SIM_Type * base, sim_clock_gate_name_t name)
                    ^
../Sources/main.c:27:3: warning: passing argument 1 of 'SIM_HAL_EnableClock' makes pointer from integer without a cast [enabled by default]
   SIM_HAL_EnableClock(SIM_BASE, kSimClockGatePit0); // Enable PIT Clock Gates
   ^
In file included from C:\Freescale\KSDK_1.3.0/platform/hal/inc/fsl_sim_hal.h:135:0,
                 from ../Sources/main.c:3:
c:\freescale\ksdk_1.3.0\platform\hal\src\sim\mk64f12\fsl_sim_hal_mk64f12.h:478:20: note: expected 'struct SIM_Type *' but argument is of type 'unsigned int'
 static inline void SIM_HAL_EnableClock(SIM_Type * base, sim_clock_gate_name_t name)
                    ^
../Sources/main.c:29:3: warning: passing argument 1 of 'PORT_HAL_SetMuxMode' makes pointer from integer without a cast [enabled by default]
   PORT_HAL_SetMuxMode(PORTE_BASE, PORT_PIN, kPortMuxAsGpio);           // Configure PORTE, Pin 26, MUX as a GPIO
   ^
In file included from ../Sources/main.c:4:0:
C:\Freescale\KSDK_1.3.0/platform/hal/inc/fsl_port_hal.h:251:20: note: expected 'struct PORT_Type *' but argument is of type 'unsigned int'
 static inline void PORT_HAL_SetMuxMode(PORT_Type * base,
                    ^
../Sources/main.c:31:3: warning: passing argument 1 of 'GPIO_HAL_SetPinDir' makes pointer from integer without a cast [enabled by default]
   GPIO_HAL_SetPinDir(PTE_BASE, PORT_PIN, kGpioDigitalOutput);          // Configure PORTE, Pin 26, as an Output
   ^
In file included from ../Sources/main.c:2:0:
C:\Freescale\KSDK_1.3.0/platform/hal/inc/fsl_gpio_hal.h:83:6: note: expected 'struct GPIO_Type *' but argument is of type 'unsigned int'
 void GPIO_HAL_SetPinDir(GPIO_Type * base, uint32_t pin,
      ^
../Sources/main.c:35:3: warning: passing argument 1 of 'PIT_HAL_SetTimerRunInDebugCmd' makes pointer from integer without a cast [enabled by default]
   PIT_HAL_SetTimerRunInDebugCmd(PIT_BASE, true);                       // Allow PIT timer to run in Debug Mode
   ^
In file included from ../Sources/main.c:5:0:
C:\Freescale\KSDK_1.3.0/platform/hal/inc/fsl_pit_hal.h:107:20: note: expected 'struct PIT_Type *' but argument is of type 'unsigned int'
 static inline void PIT_HAL_SetTimerRunInDebugCmd(PIT_Type * base, bool timerRun)
                    ^
../Sources/main.c:36:3: warning: passing argument 1 of 'PIT_HAL_Enable' makes pointer from integer without a cast [enabled by default]
   PIT_HAL_Enable(PIT_BASE);                                            // Enables PIT timers
   ^
In file included from ../Sources/main.c:5:0:
C:\Freescale\KSDK_1.3.0/platform/hal/inc/fsl_pit_hal.h:76:20: note: expected 'struct PIT_Type *' but argument is of type 'unsigned int'
 static inline void PIT_HAL_Enable(PIT_Type * base)
                    ^
../Sources/main.c:37:3: warning: passing argument 1 of 'PIT_HAL_StopTimer' makes pointer from integer without a cast [enabled by default]
   PIT_HAL_StopTimer(PIT_BASE, PIT_Module);                             // Disable PIT0 Timer
   ^
In file included from ../Sources/main.c:5:0:
C:\Freescale\KSDK_1.3.0/platform/hal/inc/fsl_pit_hal.h:169:20: note: expected 'struct PIT_Type *' but argument is of type 'unsigned int'
 static inline void PIT_HAL_StopTimer(PIT_Type * base, uint32_t channel)
                    ^
../Sources/main.c:38:3: warning: passing argument 1 of 'PIT_HAL_SetTimerPeriodByCount' makes pointer from integer without a cast [enabled by default]
   PIT_HAL_SetTimerPeriodByCount(PIT_BASE, PIT_Module, PIT_Period);     // PIT0 Timer count value, PIT Period=1ms, busclk=60,000,000Hz, Period=1ms/(1/60000000Hz)=60000
   ^
In file included from ../Sources/main.c:5:0:
C:\Freescale\KSDK_1.3.0/platform/hal/inc/fsl_pit_hal.h:210:20: note: expected 'struct PIT_Type *' but argument is of type 'unsigned int'
 static inline void PIT_HAL_SetTimerPeriodByCount(PIT_Type * base, uint32_t channel, uint32_t count)
                    ^
../Sources/main.c:39:3: warning: passing argument 1 of 'PIT_HAL_StartTimer' makes pointer from integer without a cast [enabled by default]
   PIT_HAL_StartTimer(PIT_BASE, PIT_Module);                            // Start PIT0 Timer
   ^
In file included from ../Sources/main.c:5:0:
C:\Freescale\KSDK_1.3.0/platform/hal/inc/fsl_pit_hal.h:154:20: note: expected 'struct PIT_Type *' but argument is of type 'unsigned int'
 static inline void PIT_HAL_StartTimer(PIT_Type * base, uint32_t channel)
                    ^
../Sources/main.c:46:5: warning: passing argument 1 of 'GPIO_HAL_TogglePinOutput' makes pointer from integer without a cast [enabled by default]
     GPIO_HAL_TogglePinOutput(PTE_BASE, PORT_PIN);                        // Toggle GREEN LED
     ^
In file included from ../Sources/main.c:2:0:
C:\Freescale\KSDK_1.3.0/platform/hal/inc/fsl_gpio_hal.h:201:20: note: expected 'struct GPIO_Type *' but argument is of type 'unsigned int'
 static inline void GPIO_HAL_TogglePinOutput(GPIO_Type * base, uint32_t pin)
                    ^
../Sources/main.c: In function 'PIT_Delay':
../Sources/main.c:54:1: warning: passing argument 1 of 'PIT_HAL_IsIntPending' makes pointer from integer without a cast [enabled by default]
 {long pit_i; for (pit_i=0;pit_i<pit_delay;pit_i++) {while (!PIT_Overflow); PIT_HAL_ClearIntFlag(PIT_BASE, PIT_Module);}}
 ^
In file included from ../Sources/main.c:5:0:
C:\Freescale\KSDK_1.3.0/platform/hal/inc/fsl_pit_hal.h:328:20: note: expected 'struct PIT_Type *' but argument is of type 'unsigned int'
 static inline bool PIT_HAL_IsIntPending(PIT_Type * base, uint32_t channel)
                    ^
../Sources/main.c:54:1: warning: passing argument 1 of 'PIT_HAL_ClearIntFlag' makes pointer from integer without a cast [enabled by default]
 {long pit_i; for (pit_i=0;pit_i<pit_delay;pit_i++) {while (!PIT_Overflow); PIT_HAL_ClearIntFlag(PIT_BASE, PIT_Module);}}
 ^
In file included from ../Sources/main.c:5:0:
C:\Freescale\KSDK_1.3.0/platform/hal/inc/fsl_pit_hal.h:310:20: note: expected 'struct PIT_Type *' but argument is of type 'unsigned int'
 static inline void PIT_HAL_ClearIntFlag(PIT_Type * base, uint32_t channel)
                    ^
Finished building: ../Sources/main.c
 
Building file: ../Project_Settings/Startup_Code/startup.c
Invoking: Cross ARM C Compiler
arm-none-eabi-gcc -mcpu=cortex-m4 -mthumb -mfloat-abi=hard -mfpu=fpv4-sp-d16 -O0 -fmessage-length=0 -fsigned-char -ffunction-sections -fdata-sections -Wall  -g3 -D"CPU_MK64FN1M0VMD12" -I"../Sources" -I"C:\Freescale\KSDK_1.3.0/platform/hal/inc" -I"../Project_Settings/Startup_Code" -I"../SDK/platform/CMSIS/Include" -I"../SDK/platform/devices" -I"../SDK/platform/devices/MK64F12/include" -std=c99 -MMD -MP -MF"Project_Settings/Startup_Code/startup.d" -MT"Project_Settings/Startup_Code/startup.o" -c -o "Project_Settings/Startup_Code/startup.o" "../Project_Settings/Startup_Code/startup.c"
Finished building: ../Project_Settings/Startup_Code/startup.c
 
Building file: ../Project_Settings/Startup_Code/startup_MK64F12.S
Invoking: Cross ARM GNU Assembler
arm-none-eabi-gcc -mcpu=cortex-m4 -mthumb -mfloat-abi=hard -mfpu=fpv4-sp-d16 -O0 -fmessage-length=0 -fsigned-char -ffunction-sections -fdata-sections -Wall  -g3 -x assembler-with-cpp -MMD -MP -MF"Project_Settings/Startup_Code/startup_MK64F12.d" -MT"Project_Settings/Startup_Code/startup_MK64F12.o" -c -o "Project_Settings/Startup_Code/startup_MK64F12.o" "../Project_Settings/Startup_Code/startup_MK64F12.S"
Finished building: ../Project_Settings/Startup_Code/startup_MK64F12.S
 
Building file: ../Project_Settings/Startup_Code/system_MK64F12.c
Invoking: Cross ARM C Compiler
arm-none-eabi-gcc -mcpu=cortex-m4 -mthumb -mfloat-abi=hard -mfpu=fpv4-sp-d16 -O0 -fmessage-length=0 -fsigned-char -ffunction-sections -fdata-sections -Wall  -g3 -D"CPU_MK64FN1M0VMD12" -I"../Sources" -I"C:\Freescale\KSDK_1.3.0/platform/hal/inc" -I"../Project_Settings/Startup_Code" -I"../SDK/platform/CMSIS/Include" -I"../SDK/platform/devices" -I"../SDK/platform/devices/MK64F12/include" -std=c99 -MMD -MP -MF"Project_Settings/Startup_Code/system_MK64F12.d" -MT"Project_Settings/Startup_Code/system_MK64F12.o" -c -o "Project_Settings/Startup_Code/system_MK64F12.o" "../Project_Settings/Startup_Code/system_MK64F12.c"
Finished building: ../Project_Settings/Startup_Code/system_MK64F12.c
 
Building target: 4part1.elf
Invoking: Cross ARM C++ Linker
arm-none-eabi-g++ -mcpu=cortex-m4 -mthumb -mfloat-abi=hard -mfpu=fpv4-sp-d16 -O0 -fmessage-length=0 -fsigned-char -ffunction-sections -fdata-sections -Wall  -g3 -T "MK64FN1M0xxx12_flash.ld" -Xlinker --gc-sections -L"C:/Users/pkalgaon/Desktop/Workspace/4part1/Project_Settings/Linker_Files" -Wl,-Map,"4part1.map" -specs=nosys.specs -specs=nano.specs -Xlinker -z -Xlinker muldefs -o "4part1.elf"  ./Sources/main.o  ./Project_Settings/Startup_Code/startup.o ./Project_Settings/Startup_Code/startup_MK64F12.o ./Project_Settings/Startup_Code/system_MK64F12.o  C:/Freescale/KSDK_1.3.0/lib/ksdk_platform_lib/kds/K64F12/debug/libksdk_platform.a 
Finished building target: 4part1.elf
 
Invoking: Cross ARM GNU Print Size
arm-none-eabi-size --format=berkeley "4part1.elf"
   text	   data	    bss	    dec	    hex	filename
   7100	    112	   2092	   9304	   2458	4part1.elf
Finished building: 4part1.siz
 

15:29:12 Build Finished (took 2s.438ms)

