16:13:03 **** Build of configuration Debug for project UART ****
make all 
Building file: ../Sources/main.c
Invoking: Cross ARM C Compiler
arm-none-eabi-gcc -mcpu=cortex-m4 -mthumb -mfloat-abi=hard -mfpu=fpv4-sp-d16 -O0 -fmessage-length=0 -fsigned-char -ffunction-sections -fdata-sections -Wall  -g3 -D"CPU_MK64FN1M0VMD12" -I"../Sources" -I"../Project_Settings/Startup_Code" -I"../SDK/platform/CMSIS/Include" -I"../SDK/platform/devices" -I"../SDK/platform/devices/MK64F12/include" -std=c99 -MMD -MP -MF"Sources/main.d" -MT"Sources/main.o" -c -o "Sources/main.o" "../Sources/main.c"
Finished building: ../Sources/main.c
 
Building target: GPIO.elf
Invoking: Cross ARM C++ Linker
arm-none-eabi-g++ -mcpu=cortex-m4 -mthumb -mfloat-abi=hard -mfpu=fpv4-sp-d16 -O0 -fmessage-length=0 -fsigned-char -ffunction-sections -fdata-sections -Wall  -g3 -T "MK64FN1M0xxx12_flash.ld" -Xlinker --gc-sections -L"C:/Users/pkalgaon/Desktop/Workspace/UART/Project_Settings/Linker_Files" -Wl,-Map,"GPIO.map" -specs=nosys.specs -specs=nano.specs -Xlinker -z -Xlinker muldefs -o "GPIO.elf"  ./Sources/main.o  ./Project_Settings/Startup_Code/startup.o ./Project_Settings/Startup_Code/startup_MK64F12.o ./Project_Settings/Startup_Code/system_MK64F12.o   
Finished building target: GPIO.elf
 
Invoking: Cross ARM GNU Print Size
arm-none-eabi-size --format=berkeley "GPIO.elf"
   text	   data	    bss	    dec	    hex	filename
   2056	    108	   2076	   4240	   1090	GPIO.elf
Finished building: GPIO.siz
 
16:13:29 **** Incremental Build of configuration Debug for project UART ****
make all 
Invoking: Cross ARM GNU Print Size
arm-none-eabi-size --format=berkeley "GPIO.elf"
   text	   data	    bss	    dec	    hex	filename
   2056	    108	   2076	   4240	   1090	GPIO.elf
Finished building: GPIO.siz
 
16:15:50 **** Incremental Build of configuration Debug for project UART ****
make all 
Invoking: Cross ARM GNU Print Size
arm-none-eabi-size --format=berkeley "GPIO.elf"
   text	   data	    bss	    dec	    hex	filename
   2056	    108	   2076	   4240	   1090	GPIO.elf
Finished building: GPIO.siz
 
